[INFO] Scanning for projects...
[INFO] 
[INFO] -----------------------< com.superBoy:FoodieHub >-----------------------
[INFO] Building FoodieHub 0.0.1-SNAPSHOT
[INFO]   from pom.xml
[INFO] --------------------------------[ war ]---------------------------------
[INFO] 
[INFO] --- clean:3.5.0:clean (default-clean) @ FoodieHub ---
[INFO] Deleting C:\FoodieHub\target
[INFO] 
[INFO] --- resources:3.3.1:resources (default-resources) @ FoodieHub ---
[INFO] Copying 1 resource from src\main\resources to target\classes
[INFO] Copying 1 resource from src\main\resources to target\classes
[INFO] 
[INFO] --- compiler:3.14.1:compile (default-compile) @ FoodieHub ---
[INFO] Recompiling the module because of changed source code.
[INFO] Compiling 135 source files with javac [debug parameters release 17] to target\classes
[INFO] -------------------------------------------------------------
[ERROR] COMPILATION ERROR : 
[INFO] -------------------------------------------------------------
[ERROR] /C:/FoodieHub/src/main/java/com/superBoy/FoodieHub/Impl_Service/CustomerProfileSummary.java:[60,74] ';' expected
[INFO] 1 error
[INFO] -------------------------------------------------------------
[INFO] ------------------------------------------------------------------------
[INFO] BUILD FAILURE
[INFO] ------------------------------------------------------------------------
[INFO] Total time:  4.125 s
[INFO] Finished at: 2026-03-04T14:35:42+05:30
[INFO] ------------------------------------------------------------------------
[ERROR] Failed to execute goal org.apache.maven.plugins:maven-compiler-plugin:3.14.1:compile (default-compile) on project FoodieHub: Compilation failure
[ERROR] /C:/FoodieHub/src/main/java/com/superBoy/FoodieHub/Impl_Service/CustomerProfileSummary.java:[60,74] ';' expected
[ERROR] 
[ERROR] -> [Help 1]
[ERROR] 
[ERROR] To see the full stack trace of the errors, re-run Maven with the -e switch.
[ERROR] Re-run Maven using the -X switch to enable full debug logging.
[ERROR] 
[ERROR] For more information about the errors and possible solutions, please read the following articles:
[ERROR] [Help 1] http://cwiki.apache.org/confluence/display/MAVEN/MojoFailureException
